I'm sorry, but errors were detected in your script. Please correct the
errors listed below, and try again.


File "game/script.rpy", line 38: expected end of line
    play video "images/videos/prologue.webm" hard_stop
                                             ^

Ren'Py Version: Ren'Py 8.4.1.25072401
Sat Nov 29 21:59:03 2025
